C51 COMPILER V9.59.0.0   DS18B20                                                           09/26/2018 09:34:57 PAGE 1   


C51 COMPILER V9.59.0.0, COMPILATION OF MODULE DS18B20
OBJECT MODULE PLACED IN .\Objects\DS18B20.obj
COMPILER INVOKED BY: C:\Keil_v5\C51\BIN\C51.EXE source\DS18B20.c OPTIMIZE(8,SPEED) BROWSE INCDIR(.\include;.\source) DEB
                    -UG OBJECTEXTEND PRINT(.\Listings\DS18B20.lst) OBJECT(.\Objects\DS18B20.obj)

line level    source

   1          
   2          #include "DS18B20.h"
   3          #include "LCD1602.h"
   4          
   5          /*******************************************************************************
   6          * 函 数 名         : Ds18b20Init
   7          * 函数功能                 : 初始化
   8          * 输    入         : 无
   9          * 输    出         : 初始化成功返回1，失败返回0
  10          *******************************************************************************/
  11          
  12          uchar Ds18b20Init()
  13          {
  14   1              uchar i;
  15   1              DSPORT = 0;                      //将总线拉低480us~960us
  16   1              i = 70; 
  17   1              while(i--);//延时642us
  18   1              DSPORT = 1;                     //然后拉高总线，如果DS18B20做出反应会将在15us~60us后总线拉低
  19   1              i = 0;
  20   1              while(DSPORT)   //等待DS18B20拉低总线
  21   1              {
  22   2                      i++;
  23   2                      if(i>5)//等待>5MS
  24   2                      {
  25   3                              return 0;//初始化失败
  26   3                      }
  27   2                      Delay1ms();     
  28   2              }
  29   1              return 1;//初始化成功
  30   1      }
  31          
  32          /*******************************************************************************
  33          * 函 数 名         : Ds18b20WriteByte
  34          * 函数功能                 : 向18B20写入一个字节
  35          * 输    入         : com
  36          * 输    出         : 无
  37          *******************************************************************************/
  38          
  39          void Ds18b20WriteByte(uchar dat)
  40          {
  41   1              uint i, j;
  42   1      
  43   1              for(j=0; j<8; j++)
  44   1              {
  45   2                      DSPORT = 0;               //每写入一位数据之前先把总线拉低1us
  46   2                      i++;
  47   2                      DSPORT = dat & 0x01;  //然后写入一个数据，从最低位开始
  48   2                      i=6;
  49   2                      while(i--); //延时68us，持续时间最少60us
  50   2                      DSPORT = 1;     //然后释放总线，至少1us给总线恢复时间才能接着写入第二个数值
  51   2                      dat >>= 1;
  52   2              }
  53   1      }
  54          /*******************************************************************************
C51 COMPILER V9.59.0.0   DS18B20                                                           09/26/2018 09:34:57 PAGE 2   

  55          * 函 数 名         : Ds18b20ReadByte
  56          * 函数功能                 : 读取一个字节
  57          * 输    入         : com
  58          * 输    出         : 无
  59          *******************************************************************************/
  60          
  61          
  62          uchar Ds18b20ReadByte()
  63          {
  64   1              uchar byte, bi;
  65   1              uint i, j;      
  66   1              for(j=8; j>0; j--)
  67   1              {
  68   2                      DSPORT = 0;//先将总线拉低1us
  69   2                      i++;
  70   2                      DSPORT = 1;//然后释放总线
  71   2                      i++;
  72   2                      i++;//延时6us等待数据稳定
  73   2                      bi = DSPORT;     //读取数据，从最低位开始读取
  74   2                      /*将byte左移一位，然后与上右移7位后的bi，注意移动之后移掉那位补0。*/
  75   2                      byte = (byte >> 1) | (bi << 7);                                           
  76   2                      i = 4;          //读取完之后等待48us再接着读取下一个数
  77   2                      while(i--);
  78   2              }                               
  79   1              return byte;
  80   1      }
  81          /*******************************************************************************
  82          * 函 数 名         : Ds18b20ChangTemp
  83          * 函数功能                 : 让18b20开始转换温度
  84          * 输    入         : com
  85          * 输    出         : 无
  86          *******************************************************************************/
  87          
  88          void  Ds18b20ChangTemp()
  89          {
  90   1              Ds18b20Init();
  91   1              Delay1ms();
  92   1              Ds18b20WriteByte(0xcc);         //跳过ROM操作命令                
  93   1              Ds18b20WriteByte(0x44);     //温度转换命令
  94   1      //      Delay1ms(100);  //等待转换成功，而如果你是一直刷着的话，就不用这个延时了
  95   1         
  96   1      }
  97          /*******************************************************************************
  98          * 函 数 名         : Ds18b20ReadTempCom
  99          * 函数功能                 : 发送读取温度命令
 100          * 输    入         : com
 101          * 输    出         : 无
 102          *******************************************************************************/
 103          
 104          void  Ds18b20ReadTempCom()
 105          {       
 106   1      
 107   1              Ds18b20Init();
 108   1              Delay1ms();
 109   1              Ds18b20WriteByte(0xcc);  //跳过ROM操作命令
 110   1              Ds18b20WriteByte(0xbe);  //发送读取温度命令
 111   1      }
 112          /*******************************************************************************
 113          * 函 数 名         : Ds18b20ReadTemp
 114          * 函数功能                 : 读取温度
 115          * 输    入         : com
 116          * 输    出         : 无
C51 COMPILER V9.59.0.0   DS18B20                                                           09/26/2018 09:34:57 PAGE 3   

 117          *******************************************************************************/
 118          
 119          int Ds18b20ReadTemp()
 120          {
 121   1              int temp = 0;
 122   1              uchar tmh, tml;
 123   1              Ds18b20ChangTemp();                             //先写入转换命令
 124   1              Ds18b20ReadTempCom();                   //然后等待转换完后发送读取温度命令
 125   1              tml = Ds18b20ReadByte();                //读取温度值共16位，先读低字节
 126   1              tmh = Ds18b20ReadByte();                //再读高字节
 127   1              temp = tmh;
 128   1              temp <<= 8;
 129   1              temp |= tml;
 130   1              return temp;
 131   1      }


MODULE INFORMATION:   STATIC OVERLAYABLE
   CODE SIZE        =    214    ----
   CONSTANT SIZE    =   ----    ----
   XDATA SIZE       =   ----    ----
   PDATA SIZE       =   ----    ----
   DATA SIZE        =   ----       4
   IDATA SIZE       =   ----    ----
   BIT SIZE         =   ----    ----
END OF MODULE INFORMATION.


C51 COMPILATION COMPLETE.  0 WARNING(S),  0 ERROR(S)
